a : 1
c : 1
e : 2
f : 1
h : 1
i : 3
r : 1
s : 5
t : 4
  : 3
