a : 1
b : 1
c : 1
d : 1
e : 4
f : 1
g : 1
h : 2
i : 2
j : 1
k : 1
l : 1
m : 2
n : 1
o : 4
p : 1
q : 1
r : 2
s : 2
t : 2
u : 2
v : 1
w : 1
x : 1
y : 1
z : 1
T : 1
0 : 1
1 : 1
2 : 1
3 : 1
4 : 1
5 : 1
6 : 1
7 : 1
8 : 1
9 : 1
  : 10
! : 1
, : 1
