a : 8
c : 4
d : 6
e : 6
f : 5
h : 3
i : 5
j : 5
k : 3
l : 4
m : 5
n : 3
o : 6
p : 3
q : 5
r : 6
s : 9
t : 5
u : 4
v : 1
w : 5
x : 3
y : 3
z : 4
T : 1
0 : 4
1 : 5
2 : 5
3 : 5
4 : 5
5 : 5
6 : 5
7 : 5
8 : 4
9 : 4
  : 4
` : 3
~ : 3
! : 3
@ : 3
# : 3
$ : 3
% : 2
^ : 4
& : 2
* : 5
( : 4
) : 4
_ : 2
+ : 2
- : 3
= : 3
[ : 3
] : 3
{ : 3
} : 3
| : 3
; : 2
' : 2
" : 2
. : 3
> : 5
, : 3
< : 3
/ : 3
? : 2
